// Jest Snapshot v1, https://goo.gl/fbAQLP

exports[`Pruebas componentes <SddCatgerory /> debe mostrrar correctamente 1`] = `
<form
  onSubmit={[Function]}
>
  <input
    onChange={[Function]}
    type="text"
    value="Texto"
  />
</form>
`;
